---
source: src/bin/witcherscript-lsp/tests/e2e/session/battery.rs
expression: session.workspace_symbols(symbol_query).await
---
- name: CModPlayer
  kind: class
  location:
    file: mod/scripts/mod_player.ws
    range: "0:6-0:16"
- name: EMS_End_PlayerForfeited
  kind: enum_member
  location:
    file: "witcherscript-builtin:/enums.ws"
    range: "607:4-607:27"
- name: EMS_End_PlayerLost
  kind: enum_member
  location:
    file: "witcherscript-builtin:/enums.ws"
    range: "604:4-604:22"
- name: EMS_End_PlayerWon
  kind: enum_member
  location:
    file: "witcherscript-builtin:/enums.ws"
    range: "603:4-603:21"
- name: EMS_Wait_PlayerLost
  kind: enum_member
  location:
    file: "witcherscript-builtin:/enums.ws"
    range: "606:4-606:23"
- name: FLAG_ExcludePlayer
  kind: enum_member
  location:
    file: "witcherscript-builtin:/orphan_enums.ws"
    range: "13:4-13:22"
- name: IGameplayDLCMounter
  kind: class
  location:
    file: "witcherscript-builtin:/unknown-interfaces.ws"
    range: "5:15-5:34"
- name: OT_Player
  kind: enum_member
  location:
    file: "witcherscript-builtin:/enums.ws"
    range: "690:4-690:13"
- name: TE_FIGHT_PLAYER_ATTACKS
  kind: enum_member
  location:
    file: "witcherscript-builtin:/enums.ws"
    range: "779:4-779:27"
- name: TE_FIGHT_PLAYER_DIES
  kind: enum_member
  location:
    file: "witcherscript-builtin:/enums.ws"
    range: "778:4-778:24"
- name: TE_FIGHT_PLAYER_USE_SIGN
  kind: enum_member
  location:
    file: "witcherscript-builtin:/enums.ws"
    range: "780:4-780:28"
