---
source: src/bin/witcherscript-lsp/tests/e2e/session/scenarios.rs
expression: session.completion(signature).await
---
- label: ACM_ClipToNegativeAreas
  kind: other
- label: ACM_NoClipping
  kind: other
- label: ADIST_Large
  kind: other
- label: ADIST_Medium
  kind: other
- label: ADIST_None
  kind: other
- label: ADIST_Small
  kind: other
- label: AD_Back
  kind: other
- label: AD_Front
  kind: other
- label: AD_Left
  kind: other
- label: AD_Right
  kind: other
- label: AEPB_CameraAngleAndDistance
  kind: other
- label: AEPB_CameraFocusAndDistance
  kind: other
- label: AEPB_DistanceOnly
  kind: other
- label: AEPT_Additive
  kind: other
- label: AEPT_FadeIn
  kind: other
- label: AEPT_FadeOut
  kind: other
- label: AEPT_SubEnvironment
  kind: other
- label: AEPT_Subtractive
  kind: other
- label: AET_Duration
  kind: other
- label: AET_DurationEnd
  kind: other
- label: AET_DurationStart
  kind: other
- label: AET_DurationStartInTheMiddle
  kind: other
- label: AET_Tick
  kind: other
- label: AIA_Friendly
  kind: other
- label: AIA_Hostile
  kind: other
- label: AIA_Neutral
  kind: other
- label: ALPHA
  kind: other
- label: AMAST_CrossBlendIn
  kind: other
- label: AMAST_CrossBlendOut
  kind: other
- label: AMAST_None
  kind: other
- label: AMST_SyncBeginning
  kind: other
- label: AMST_SyncEnd
  kind: other
- label: AMST_SyncMatchEvents
  kind: other
- label: ASR_Failed
  kind: other
- label: ASR_InProgress
  kind: other
- label: ASR_ReadyFalse
  kind: other
- label: ASR_ReadyTrue
  kind: other
- label: ATST_Blend2
  kind: other
- label: ATST_Blend2Direction
  kind: other
- label: ATST_Blend3
  kind: other
- label: ATST_IK
  kind: other
- label: ATST_None
  kind: other
- label: ATS_AboveAndBelowTerrain
  kind: other
- label: ATS_OnlyAboveTerrain
  kind: other
- label: ATS_OnlyBelowTerrain
  kind: other
- label: ActorAction_Animation
  kind: other
- label: ActorAction_ChangeEmotion
  kind: other
- label: ActorAction_CustomSteer
  kind: other
- label: ActorAction_DynamicMoving
  kind: other
- label: ActorAction_Exploration
  kind: other
- label: ActorAction_Moving
  kind: other
- label: ActorAction_MovingOnCurve
  kind: other
- label: ActorAction_MovingOutNavdata
  kind: other
- label: ActorAction_None
  kind: other
- label: ActorAction_R4Reserved_PC
  kind: other
- label: ActorAction_RaiseEvent
  kind: other
- label: ActorAction_Rotating
  kind: other
- label: ActorAction_Sliding
  kind: other
- label: ActorAction_UseDevice
  kind: other
- label: ActorAction_Working
  kind: other
- label: Add
  kind: other
- label: BCS_Air
  kind: other
- label: BCS_Essence
  kind: other
- label: BCS_Focus
  kind: other
- label: BCS_Morale
  kind: other
- label: BCS_Panic
  kind: other
- label: BCS_PanicStatic
  kind: other
- label: BCS_Stamina
  kind: other
- label: BCS_SwimmingStamina
  kind: other
- label: BCS_Toxicity
  kind: other
- label: BCS_Undefined
  kind: other
- label: BCS_Vitality
  kind: other
- label: BLUE
  kind: other
- label: BQS_NotFound
  kind: other
- label: BQS_NotReady
  kind: other
- label: BQS_Processed
  kind: other
- label: BTAP_AboveCombat
  kind: other
- label: BTAP_AboveCombat2
  kind: other
- label: BTAP_AboveEmergency
  kind: other
- label: BTAP_AboveEmergency2
  kind: other
- label: BTAP_AboveIdle
  kind: other
- label: BTAP_AboveIdle2
  kind: other
- label: BTAP_BelowIdle
  kind: other
- label: BTAP_Combat
  kind: other
- label: BTAP_Emergency
  kind: other
- label: BTAP_FullCutscene
  kind: other
- label: BTAP_Idle
  kind: other
- label: BTAP_Unavailable
  kind: other
- label: BTNS_Active
  kind: other
- label: BTNS_Completed
  kind: other
- label: BTNS_Failed
  kind: other
- label: CAT_Attack
  kind: other
- label: CAT_CastSign
  kind: other
- label: CAT_CiriDodge
  kind: other
- label: CAT_Crossbow
  kind: other
- label: CAT_Dodge
  kind: other
- label: CAT_ItemThrow
  kind: other
- label: CAT_LayItem
  kind: other
- label: CAT_None2
  kind: other
- label: CAT_Parry
  kind: other
- label: CAT_Pirouette
  kind: other
- label: CAT_PreAttack
  kind: other
- label: CAT_Roll
  kind: other
- label: CAT_SpecialAttack
  kind: other
- label: CDS_BleedingRes
  kind: other
- label: CDS_BludgeoningRes
  kind: other
- label: CDS_BurningRes
  kind: other
- label: CDS_DoTBleedingDamageRes
  kind: other
- label: CDS_DoTBurningDamageRes
  kind: other
- label: CDS_DoTPoisonDamageRes
  kind: other
- label: CDS_ElementalRes
  kind: other
- label: CDS_FireRes
  kind: other
- label: CDS_ForceRes
  kind: other
- label: CDS_FreezeRes
  kind: other
- label: CDS_FrostRes
  kind: other
- label: CDS_None
  kind: other
- label: CDS_PhysicalRes
  kind: other
- label: CDS_PiercingRes
  kind: other
- label: CDS_PoisonRes
  kind: other
- label: CDS_RendingRes
  kind: other
- label: CDS_ShockRes
  kind: other
- label: CDS_SlashingRes
  kind: other
- label: CDS_WillRes
  kind: other
- label: CHEAT_Console
  kind: other
- label: CHEAT_DebugPages
  kind: other
- label: CHEAT_FreeCamera
  kind: other
- label: CHEAT_InstantKill
  kind: other
- label: CHEAT_MovementOnPhysics
  kind: other
- label: CHEAT_Teleport
  kind: other
- label: CHEAT_TimeScaling
  kind: other
- label: CPS_Animated
  kind: other
- label: CPS_Count
  kind: other
- label: CPS_Falling
  kind: other
- label: CPS_Ragdoll
  kind: other
- label: CPS_Simulated
  kind: other
- label: CPS_Swimming
  kind: other
- label: CS_BACK
  kind: other
- label: CS_BACK_LEFT
  kind: other
- label: CS_BACK_RIGHT
  kind: other
- label: CS_CENTER
  kind: other
- label: CS_DIFFICULTY_LVL
  kind: other
- label: CS_FPS
  kind: other
- label: CS_FRONT
  kind: other
- label: CS_FRONT_LEFT
  kind: other
- label: CS_FRONT_RIGHT
  kind: other
- label: CS_GAME_PROGRESS
  kind: other
- label: CS_GAME_TIME
  kind: other
- label: CS_LEFT
  kind: other
- label: CS_MEMORY
  kind: other
- label: CS_POSITION_X
  kind: other
- label: CS_POSITION_Y
  kind: other
- label: CS_POSITION_Z
  kind: other
- label: CS_RIGHT
  kind: other
- label: CS_SKILLPOINTS
  kind: other
- label: CS_TOXICITY
  kind: other
- label: CS_UNKNOWN
  kind: other
- label: CS_VIGOR
  kind: other
- label: CS_VITALITY
  kind: other
- label: CS_WORLD_ID
  kind: other
- label: CTSST_DONT_SKIP
  kind: other
- label: CTSST_SKIP_ALWAYS
  kind: other
- label: CTSST_SKIP_IF_THERE_ARE_OTHER_TARGETS
  kind: other
- label: CT_Linear
  kind: other
- label: CT_Segmented
  kind: other
- label: CT_Smooth
  kind: other
- label: CUSTOM_PRESET_D
  kind: other
- label: Chapter
  kind: other
- label: Child
  kind: other
- label: ComboAT_Directional
  kind: other
- label: ComboAT_Normal
  kind: other
- label: ComboAT_Restart
  kind: other
- label: ComboAT_Stop
  kind: other
- label: DT_fromScript
  kind: other
- label: DT_instant
  kind: other
- label: DT_normal
  kind: other
- label: DT_ragdoll
  kind: other
- label: DT_shakeOff
  kind: other
- label: DialogAction_ARMORER
  kind: other
- label: DialogAction_AUCTION
  kind: other
- label: DialogAction_AXII
  kind: other
- label: DialogAction_BET
  kind: other
- label: DialogAction_BRIBE
  kind: other
- label: DialogAction_CONTENT_MISSING
  kind: other
- label: DialogAction_CRAFTING
  kind: other
- label: DialogAction_EXIT
  kind: other
- label: DialogAction_FAST_TRAVEL
  kind: other
- label: DialogAction_GAME_CARDS
  kind: other
- label: DialogAction_GAME_DAGGER
  kind: other
- label: DialogAction_GAME_DICES
  kind: other
- label: DialogAction_GAME_DRINK
  kind: other
- label: DialogAction_GAME_FIGHT
  kind: other
- label: DialogAction_GAME_WRESTLE
  kind: other
- label: DialogAction_GETBACK
  kind: other
- label: DialogAction_GIFT
  kind: other
- label: DialogAction_HAIRCUT
  kind: other
- label: DialogAction_HOUSE
  kind: other
- label: DialogAction_LEVELUP1
  kind: other
- label: DialogAction_LEVELUP2
  kind: other
- label: DialogAction_LEVELUP3
  kind: other
- label: DialogAction_MONSTERCONTRACT
  kind: other
- label: DialogAction_NONE
  kind: other
- label: DialogAction_PERSUASION
  kind: other
- label: DialogAction_RUNESMITH
  kind: other
- label: DialogAction_SHAVING
  kind: other
- label: DialogAction_SHOPPING
  kind: other
- label: DialogAction_SMITH
  kind: other
- label: DialogAction_STORAGE
  kind: other
- label: DialogAction_TEACHER
  kind: other
- label: DialogAction_TimedChoice
  kind: other
- label: Dwarf
  kind: other
- label: EAHG_Custom0
  kind: other
- label: EAHG_Custom1
  kind: other
- label: EAHG_Custom2
  kind: other
- label: EAHG_Custom3
  kind: other
- label: EAHG_None
  kind: other
- label: EAIASM_ByTag
  kind: other
- label: EAIASM_ByTagInEncounter
  kind: other
- label: EAIASM_Encounter
  kind: other
- label: EAIASM_GuardArea
  kind: other
- label: EAIASM_None
  kind: other
- label: EAsyncTastResult_Failure
  kind: other
- label: EAsyncTastResult_Invalidated
  kind: other
- label: EAsyncTastResult_Pending
  kind: other
- label: EAsyncTastResult_Success
  kind: other
- label: EBAT_CastSign
  kind: other
- label: EBAT_Ciri_Counter
  kind: other
- label: EBAT_Ciri_Dodge
  kind: other
- label: EBAT_Ciri_SpecialAttack
  kind: other
- label: EBAT_Ciri_SpecialAttack_Heavy
  kind: other
- label: EBAT_Dodge
  kind: other
- label: EBAT_Draw_Silver
  kind: other
- label: EBAT_Draw_Steel
  kind: other
- label: EBAT_EMPTY
  kind: other
- label: EBAT_HeavyAttack
  kind: other
- label: EBAT_ItemUse
  kind: other
- label: EBAT_LightAttack
  kind: other
- label: EBAT_Parry
  kind: other
- label: EBAT_Roll
  kind: other
- label: EBAT_Sheathe_Sword
  kind: other
- label: EBAT_SpecialAttack_Heavy
  kind: other
- label: EBAT_SpecialAttack_Light
  kind: other
- label: ECG_Custom0
  kind: other
- label: ECG_Custom1
  kind: other
- label: ECG_Custom2
  kind: other
- label: ECG_Default
  kind: other
- label: ECG_FX_BackgroundCloudsBack
  kind: other
- label: ECG_FX_BackgroundCloudsFront
  kind: other
- label: ECG_FX_BackgroundHazeBack
  kind: other
- label: ECG_FX_BackgroundHazeFront
  kind: other
- label: ECG_FX_Blood
  kind: other
- label: ECG_FX_Default
  kind: other
- label: ECG_FX_Fire
  kind: other
- label: ECG_FX_FireFlares
  kind: other
- label: ECG_FX_FireLight
  kind: other
- label: ECG_FX_Fog
  kind: other
- label: ECG_FX_LightShaft
  kind: other
- label: ECG_FX_LightShaftInteriorDawn
  kind: other
- label: ECG_FX_LightShaftInteriorEvening
  kind: other
- label: ECG_FX_LightShaftInteriorNight
  kind: other
- label: ECG_FX_LightShaftInteriorNoon
  kind: other
- label: ECG_FX_LightShaftReflectionLightDawn
  kind: other
- label: ECG_FX_LightShaftReflectionLightEvening
  kind: other
- label: ECG_FX_LightShaftReflectionLightNight
  kind: other
- label: ECG_FX_LightShaftReflectionLightNoon
  kind: other
- label: ECG_FX_LightShaftSpotlightDawn
  kind: other
- label: ECG_FX_LightShaftSpotlightEvening
  kind: other
- label: ECG_FX_LightShaftSpotlightNight
  kind: other
- label: ECG_FX_LightShaftSpotlightNoon
  kind: other
- label: ECG_FX_LightShaftSun
  kind: other
- label: ECG_FX_MainCloudsBack
  kind: other
- label: ECG_FX_MainCloudsFront
  kind: other
- label: ECG_FX_MainCloudsMiddle
  kind: other
- label: ECG_FX_MainCloudsRim
  kind: other
- label: ECG_FX_ScreenParticles
  kind: other
- label: ECG_FX_Sky
  kind: other
- label: ECG_FX_SkyDawn
  kind: other
- label: ECG_FX_SkyNight
  kind: other
- label: ECG_FX_SkyNoon
  kind: other
- label: ECG_FX_SkyRain
  kind: other
- label: ECG_FX_SkySunset
  kind: other
- label: ECG_FX_Smoke
  kind: other
- label: ECG_FX_SmokeExplosion
  kind: other
- label: ECG_FX_Trails
  kind: other
- label: ECG_FX_Water
  kind: other
- label: ECG_LightsDawn
  kind: other
- label: ECG_LightsDefault
  kind: other
- label: ECG_LightsEvening
  kind: other
- label: ECG_LightsNight
  kind: other
- label: ECG_LightsNoon
  kind: other
- label: ECurveInterpolationMode_Automatic
  kind: other
- label: ECurveInterpolationMode_Linear
  kind: other
- label: ECurveInterpolationMode_Manual
  kind: other
- label: ECurveManualMode_Bezier
  kind: other
- label: ECurveManualMode_BezierSymmetric
  kind: other
- label: ECurveManualMode_BezierSymmetricDirection
  kind: other
- label: ECurveRelativeMode_CurrentTransform
  kind: other
- label: ECurveRelativeMode_InitialTransform
  kind: other
- label: ECurveRelativeMode_None
  kind: other
- label: ECurveType_EngineTransform
  kind: other
- label: ECurveType_EulerAngles
  kind: other
- label: ECurveType_Float
  kind: other
- label: ECurveType_Uninitialized
  kind: other
- label: ECurveType_Vector
  kind: other
- label: EDM_Easy
  kind: other
- label: EDM_Hard
  kind: other
- label: EDM_Hardcore
  kind: other
- label: EDM_Medium
  kind: other
- label: EDM_NotSet
  kind: other
- label: EDPP_AllowAntialiasing
  kind: other
- label: EDPP_AllowBloom
  kind: other
- label: EDPP_AllowCloudsShadow
  kind: other
- label: EDPP_AllowColorMod
  kind: other
- label: EDPP_AllowDOF
  kind: other
- label: EDPP_AllowEnvProbeUpdate
  kind: other
- label: EDPP_AllowGlobalFog
  kind: other
- label: EDPP_AllowSSAO
  kind: other
- label: EDPP_AllowVignette
  kind: other
- label: EDPP_AllowWaterShader
  kind: other
- label: EDPP_DisableTonemapping
  kind: other
- label: EDPP_DisplayMode
  kind: other
- label: EDPP_EnableGlobalLightingTrajectory
  kind: other
- label: EDPP_EnableInstantAdaptation
  kind: other
- label: EDPP_ForceCutsceneDofMode
  kind: other
- label: EDPP_Gamma
  kind: other
- label: EGAM_Aggressive
  kind: other
- label: EGAM_AllIHave
  kind: other
- label: EGAM_Defensive
  kind: other
- label: EGAM_Normal
  kind: other
- label: EGAM_VeryAggressive
  kind: other
- label: EGDM_Easy
  kind: other
- label: EGDM_Hard
  kind: other
- label: EGDM_Medium
  kind: other
- label: EGEF_CatViewHiglight
  kind: other
- label: EGEF_FocusModeHighlight
  kind: other
- label: EJCT_EP1
  kind: other
- label: EJCT_EP2
  kind: other
- label: EJCT_Vanilla
  kind: other
- label: EK_Bell
  kind: other
- label: EK_Chime
  kind: other
- label: EK_Drum
  kind: other
- label: EK_None
  kind: other
- label: EMM_Bloom
  kind: other
- label: EMM_ComplexityEnvProbes
  kind: other
- label: EMM_DecomposedAmbient
  kind: other
- label: EMM_DecomposedDiffuse
  kind: other
- label: EMM_DecomposedLightingAmbient
  kind: other
- label: EMM_DecomposedLightingReflection
  kind: other
- label: EMM_DecomposedReflection
  kind: other
- label: EMM_DecomposedSpecular
  kind: other
- label: EMM_Depth
  kind: other
- label: EMM_DimmersSurface
  kind: other
- label: EMM_DimmersVolume
  kind: other
- label: EMM_GBuffAlbedo
  kind: other
- label: EMM_GBuffAlbedoNormalized
  kind: other
- label: EMM_GBuffNormalsViewSpace
  kind: other
- label: EMM_GBuffNormalsWorldSpace
  kind: other
- label: EMM_GBuffRoughness
  kind: other
- label: EMM_GBuffSpecularity
  kind: other
- label: EMM_GBuffTranslucency
  kind: other
- label: EMM_GBuffVelocity
  kind: other
- label: EMM_HBIL
  kind: other
- label: EMM_HitProxies
  kind: other
- label: EMM_InteriorsFactor
  kind: other
- label: EMM_InteriorsVolume
  kind: other
- label: EMM_LightsOverlay
  kind: other
- label: EMM_LightsOverlayDensity
  kind: other
- label: EMM_LinearAll
  kind: other
- label: EMM_LocalReflections
  kind: other
- label: EMM_MAX
  kind: other
- label: EMM_MaskDimmers
  kind: other
- label: EMM_MaskInterior
  kind: other
- label: EMM_MaskSSAO
  kind: other
- label: EMM_MaskShadow
  kind: other
- label: EMM_None
  kind: other
- label: EMM_RayTracingBufferColor
  kind: other
- label: EMM_RayTracingBufferMetadataAlpha
  kind: other
- label: EMM_RayTracingBufferMetadataBlue
  kind: other
- label: EMM_RayTracingBufferMetadataGreen
  kind: other
- label: EMM_RayTracingBufferMetadataRed
  kind: other
- label: EMM_RayTracingBufferNormalized
  kind: other
- label: EMM_RayTracingColor
  kind: other
- label: EMM_SSSR
  kind: other
- label: EMM_ScreenSpaceAmbientOcclusionMask
  kind: other
- label: EMM_Stencil0
  kind: other
- label: EMM_Stencil1
  kind: other
- label: EMM_Stencil2
  kind: other
- label: EMM_Stencil3
  kind: other
- label: EMM_Stencil4
  kind: other
- label: EMM_Stencil5
  kind: other
- label: EMM_Stencil6
  kind: other
- label: EMM_Stencil7
  kind: other
- label: EMM_StencilMix
  kind: other
- label: EMS_End
  kind: other
- label: EMS_End_Error
  kind: other
- label: EMS_End_PlayerForfeited
  kind: other
- label: EMS_End_PlayerLost
  kind: other
- label: EMS_End_PlayerWon
  kind: other
- label: EMS_Init
  kind: other
- label: EMS_None
  kind: other
- label: EMS_Started
  kind: other
- label: EMS_Wait_PlayerLost
  kind: other
- label: ENGT_Commoner
  kind: other
- label: ENGT_Enemy
  kind: other
- label: ENGT_Guard
  kind: other
- label: ENGT_Quest
  kind: other
- label: ENavigationReachability_All
  kind: other
- label: ENavigationReachability_Any
  kind: other
- label: ENavigationReachability_FullTest
  kind: other
- label: EPD_Back
  kind: other
- label: EPD_Front
  kind: other
- label: EQQF_IMPACT
  kind: other
- label: ESADP_None
  kind: other
- label: ESPCT_Exp1
  kind: other
- label: ESPCT_Exp3
  kind: other
- label: ESPCT_InversedSCurve
  kind: other
- label: ESPCT_Linear
  kind: other
- label: ESPCT_Log1
  kind: other
- label: ESPCT_Log3
  kind: other
- label: ESPCT_ReciprocalOfSineCurve
  kind: other
- label: ESPCT_SCurve
  kind: other
- label: ESPCT_Sine
  kind: other
- label: ET_Boat_B
  kind: other
- label: ET_Boat_Enter_From_Beach
  kind: other
- label: ET_Boat_P
  kind: other
- label: ET_Boat_Passenger_B
  kind: other
- label: ET_Fence
  kind: other
- label: ET_Fence_OneSided
  kind: other
- label: ET_Horse_B
  kind: other
- label: ET_Horse_L
  kind: other
- label: ET_Horse_LB
  kind: other
- label: ET_Horse_LF
  kind: other
- label: ET_Horse_R
  kind: other
- label: ET_Horse_RB
  kind: other
- label: ET_Horse_RF
  kind: other
- label: ET_Jump
  kind: other
- label: ET_Ladder
  kind: other
- label: ET_Ledge
  kind: other
- label: EVS_driver_slot
  kind: other
- label: EVS_passenger_slot
  kind: other
- label: EVT_Boat
  kind: other
- label: EVT_Horse
  kind: other
- label: EVT_Undefined
  kind: other
- label: Elf
  kind: other
- label: FLAG_Attitude_Friendly
  kind: other
- label: FLAG_Attitude_Hostile
  kind: other
- label: FLAG_Attitude_Neutral
  kind: other
- label: FLAG_ExcludePlayer
  kind: other
- label: FLAG_ExcludeTarget
  kind: other
- label: FLAG_OnlyActors
  kind: other
- label: FLAG_OnlyAliveActors
  kind: other
- label: FLAG_TestLineOfSight
  kind: other
- label: FMV_Clue
  kind: other
- label: FMV_Interactive
  kind: other
- label: FMV_None
  kind: other
- label: FP_Close150m
  kind: other
- label: FP_CrazyClose20m
  kind: other
- label: FP_CustomValue
  kind: other
- label: FP_DefaultEnv
  kind: other
- label: FP_EvenCloser30m
  kind: other
- label: FP_Far1000m
  kind: other
- label: FP_Medium600m
  kind: other
- label: FP_MoreFar1500m
  kind: other
- label: FP_VeryClose40m
  kind: other
- label: FP_VeryFar2000m
  kind: other
- label: FinisherLeft
  kind: other
- label: FinisherRight
  kind: other
- label: GEC_Empty
  kind: other
- label: GEC_Fact
  kind: other
- label: GEC_Last
  kind: other
- label: GEC_ScriptsCustom0
  kind: other
- label: GEC_ScriptsCustom1
  kind: other
- label: GEC_ScriptsCustom2
  kind: other
- label: GEC_ScriptsCustom3
  kind: other
- label: GEC_ScriptsCustom4
  kind: other
- label: GEC_ScriptsCustom5
  kind: other
- label: GEC_ScriptsCustom6
  kind: other
- label: GEC_ScriptsCustom7
  kind: other
- label: GEC_ScriptsCustom8
  kind: other
- label: GEC_ScriptsCustom9
  kind: other
- label: GEC_Tag
  kind: other
- label: GEC_Trigger
  kind: other
- label: GET_FactAdded
  kind: other
- label: GET_FactRemoved
  kind: other
- label: GET_ScriptsCustom0
  kind: other
- label: GET_ScriptsCustom1
  kind: other
- label: GET_ScriptsCustom2
  kind: other
- label: GET_ScriptsCustom3
  kind: other
- label: GET_StubTagAdded
  kind: other
- label: GET_StubTagRemoved
  kind: other
- label: GET_TagAdded
  kind: other
- label: GET_TagRemoved
  kind: other
- label: GET_TriggerActivatorCreated
  kind: other
- label: GET_TriggerActivatorRemoved
  kind: other
- label: GET_TriggerCreated
  kind: other
- label: GET_TriggerRemoved
  kind: other
- label: GET_Unknown
  kind: other
- label: GICT_Custom0
  kind: other
- label: GICT_Custom1
  kind: other
- label: GICT_Custom2
  kind: other
- label: GICT_Custom3
  kind: other
- label: GICT_Custom4
  kind: other
- label: GICT_HasDrawableComponents
  kind: other
- label: GICT_IsInteractive
  kind: other
- label: GREEN
  kind: other
- label: GTFX_MultiFeedback
  kind: other
- label: GTFX_MultiVibration
  kind: other
- label: GTFX_Off
  kind: other
- label: GTFX_Vibration
  kind: other
- label: GTFX_Weapon
  kind: other
- label: GwintEffect_11thCard
  kind: other
- label: GwintEffect_Bin2
  kind: other
- label: GwintEffect_Bin2Pick1
  kind: other
- label: GwintEffect_ClearSky
  kind: other
- label: GwintEffect_ClearWeather
  kind: other
- label: GwintEffect_CounterKingAbility
  kind: other
- label: GwintEffect_Draw
  kind: other
- label: GwintEffect_Draw2
  kind: other
- label: GwintEffect_GraveyardShuffle
  kind: other
- label: GwintEffect_Horn
  kind: other
- label: GwintEffect_ImproveNeightbours
  kind: other
- label: GwintEffect_Melee
  kind: other
- label: GwintEffect_MeleeHorn
  kind: other
- label: GwintEffect_MeleeScorch
  kind: other
- label: GwintEffect_Morph
  kind: other
- label: GwintEffect_Mushroom
  kind: other
- label: GwintEffect_None
  kind: other
- label: GwintEffect_Nurse
  kind: other
- label: GwintEffect_PickFogCard
  kind: other
- label: GwintEffect_PickFrostCard
  kind: other
- label: GwintEffect_PickRainCard
  kind: other
- label: GwintEffect_PickWeatherCard
  kind: other
- label: GwintEffect_Ranged
  kind: other
- label: GwintEffect_RangedHorn
  kind: other
- label: GwintEffect_ResurectCard
  kind: other
- label: GwintEffect_ResurectFromEnemy
  kind: other
- label: GwintEffect_SameTypeMorale
  kind: other
- label: GwintEffect_Scorch
  kind: other
- label: GwintEffect_Siege
  kind: other
- label: GwintEffect_SiegeHorn
  kind: other
- label: GwintEffect_SiegeScorch
  kind: other
- label: GwintEffect_SummonClones
  kind: other
- label: GwintEffect_UnsummonDummy
  kind: other
- label: GwintEffect_View3EnemyCard
  kind: other
- label: GwintEffect_WeatherResistant
  kind: other
- label: GwintFaction_Neutral
  kind: other
- label: GwintFaction_Nilfgaard
  kind: other
- label: GwintFaction_NoMansLand
  kind: other
- label: GwintFaction_NothernKingdom
  kind: other
- label: GwintFaction_Scoiatael
  kind: other
- label: GwintFaction_Skellige
  kind: other
- label: GwintType_Creature
  kind: other
- label: GwintType_FriendlyEffect
  kind: other
- label: GwintType_GlobalEffect
  kind: other
- label: GwintType_Hero
  kind: other
- label: GwintType_Melee
  kind: other
- label: GwintType_None
  kind: other
- label: GwintType_OffensiveEffect
  kind: other
- label: GwintType_Ranged
  kind: other
- label: GwintType_RowModifier
  kind: other
- label: GwintType_Siege
  kind: other
- label: GwintType_Spell
  kind: other
- label: GwintType_Spy
  kind: other
- label: GwintType_Weather
  kind: other
- label: IET_Empty
  kind: other
- label: IET_InventoryRebalanced
  kind: other
- label: IET_ItemAdded
  kind: other
- label: IET_ItemQuantityChanged
  kind: other
- label: IET_ItemRemoved
  kind: other
- label: IET_ItemTagChanged
  kind: other
- label: IK_0
  kind: other
- label: IK_1
  kind: other
- label: IK_2
  kind: other
- label: IK_3
  kind: other
- label: IK_4
  kind: other
- label: IK_5
  kind: other
- label: IK_6
  kind: other
- label: IK_7
  kind: other
- label: IK_8
  kind: other
- label: IK_9
  kind: other
- label: IK_A
  kind: other
- label: IK_Alt
  kind: other
- label: IK_Attn
  kind: other
- label: IK_B
  kind: other
- label: IK_Backslash
  kind: other
- label: IK_Backspace
  kind: other
- label: IK_C
  kind: other
- label: IK_CapsLock
  kind: other
- label: IK_ClearSel
  kind: other
- label: IK_Comma
  kind: other
- label: IK_Count
  kind: other
- label: IK_Ctrl
  kind: other
- label: IK_D
  kind: other
- label: IK_Delete
  kind: other
- label: IK_Down
  kind: other
- label: IK_E
  kind: other
- label: IK_End
  kind: other
- label: IK_Enter
  kind: other
- label: IK_Equals
  kind: other
- label: IK_ErEof
  kind: other
- label: IK_Escape
  kind: other
- label: IK_ExSel
  kind: other
- label: IK_Execute
  kind: other
- label: IK_F
  kind: other
- label: IK_F1
  kind: other
- label: IK_F10
  kind: other
- label: IK_F11
  kind: other
- label: IK_F12
  kind: other
- label: IK_F13
  kind: other
- label: IK_F14
  kind: other
- label: IK_F15
  kind: other
- label: IK_F16
  kind: other
- label: IK_F17
  kind: other
- label: IK_F18
  kind: other
- label: IK_F19
  kind: other
- label: IK_F2
  kind: other
- label: IK_F20
  kind: other
- label: IK_F21
  kind: other
- label: IK_F22
  kind: other
- label: IK_F23
  kind: other
- label: IK_F24
  kind: other
- label: IK_F3
  kind: other
- label: IK_F4
  kind: other
- label: IK_F5
  kind: other
- label: IK_F6
  kind: other
- label: IK_F7
  kind: other
- label: IK_F8
  kind: other
- label: IK_F9
  kind: other
- label: IK_G
  kind: other
- label: IK_H
  kind: other
- label: IK_Help
  kind: other
- label: IK_Home
  kind: other
- label: IK_I
  kind: other
- label: IK_Insert
  kind: other
- label: IK_J
  kind: other
- label: IK_Joy1
  kind: other
- label: IK_Joy10
  kind: other
- label: IK_Joy11
  kind: other
- label: IK_Joy12
  kind: other
- label: IK_Joy13
  kind: other
- label: IK_Joy14
  kind: other
- label: IK_Joy15
  kind: other
- label: IK_Joy16
  kind: other
- label: IK_Joy2
  kind: other
- label: IK_Joy3
  kind: other
- label: IK_Joy4
  kind: other
- label: IK_Joy5
  kind: other
- label: IK_Joy6
  kind: other
- label: IK_Joy7
  kind: other
- label: IK_Joy8
  kind: other
- label: IK_Joy9
  kind: other
- label: IK_JoyR
  kind: other
- label: IK_JoySlider1
  kind: other
- label: IK_JoySlider2
  kind: other
- label: IK_JoyU
  kind: other
- label: IK_JoyV
  kind: other
- label: IK_JoyX
  kind: other
- label: IK_JoyY
  kind: other
- label: IK_JoyZ
  kind: other
- label: IK_K
  kind: other
- label: IK_L
  kind: other
- label: IK_LControl
  kind: other
- label: IK_LShift
  kind: other
- label: IK_Last
  kind: other
- label: IK_Left
  kind: other
- label: IK_LeftBracket
  kind: other
- label: IK_LeftMouse
  kind: other
- label: IK_M
  kind: other
- label: IK_MiddleMouse
  kind: other
- label: IK_Minus
  kind: other
- label: IK_Mouse4
  kind: other
- label: IK_Mouse5
  kind: other
- label: IK_Mouse6
  kind: other
- label: IK_Mouse7
  kind: other
- label: IK_Mouse8
  kind: other
- label: IK_MouseW
  kind: other
- label: IK_MouseWheelDown
  kind: other
- label: IK_MouseWheelUp
  kind: other
- label: IK_MouseX
  kind: other
- label: IK_MouseY
  kind: other
- label: IK_MouseZ
  kind: other
- label: IK_N
  kind: other
- label: IK_NoName
  kind: other
- label: IK_None
  kind: other
- label: IK_NumLock
  kind: other
- label: IK_NumMinus
  kind: other
- label: IK_NumPad0
  kind: other
- label: IK_NumPad1
  kind: other
- label: IK_NumPad2
  kind: other
- label: IK_NumPad3
  kind: other
- label: IK_NumPad4
  kind: other
- label: IK_NumPad5
  kind: other
- label: IK_NumPad6
  kind: other
- label: IK_NumPad7
  kind: other
- label: IK_NumPad8
  kind: other
- label: IK_NumPad9
  kind: other
- label: IK_NumPeriod
  kind: other
- label: IK_NumPlus
  kind: other
- label: IK_NumSlash
  kind: other
- label: IK_NumStar
  kind: other
- label: IK_O
  kind: other
- label: IK_P
  kind: other
- label: IK_PS4_OPTIONS
  kind: other
- label: IK_PS4_TOUCH_PRESS
  kind: other
- label: IK_Pad_A_CROSS
  kind: other
- label: IK_Pad_B_CIRCLE
  kind: other
- label: IK_Pad_Back_Select
  kind: other
- label: IK_Pad_DigitDown
  kind: other
- label: IK_Pad_DigitLeft
  kind: other
- label: IK_Pad_DigitRight
  kind: other
- label: IK_Pad_DigitUp
  kind: other
- label: IK_Pad_LeftAxisX
  kind: other
- label: IK_Pad_LeftAxisY
  kind: other
- label: IK_Pad_LeftShoulder
  kind: other
- label: IK_Pad_LeftThumb
  kind: other
- label: IK_Pad_LeftTrigger
  kind: other
- label: IK_Pad_RightAxisX
  kind: other
- label: IK_Pad_RightAxisY
  kind: other
- label: IK_Pad_RightShoulder
  kind: other
- label: IK_Pad_RightThumb
  kind: other
- label: IK_Pad_RightTrigger
  kind: other
- label: IK_Pad_Start
  kind: other
- label: IK_Pad_X_SQUARE
  kind: other
- label: IK_Pad_Y_TRIANGLE
  kind: other
- label: IK_PageDown
  kind: other
- label: IK_PageUp
  kind: other
- label: IK_Pause
  kind: other
- label: IK_Period
  kind: other
- label: IK_Play
  kind: other
- label: IK_Print
  kind: other
- label: IK_PrintScrn
  kind: other
- label: IK_Q
  kind: other
- label: IK_R
  kind: other
- label: IK_RControl
  kind: other
- label: IK_RShift
  kind: other
- label: IK_Right
  kind: other
- label: IK_RightBracket
  kind: other
- label: IK_RightMouse
  kind: other
- label: IK_S
  kind: other
- label: IK_ScrollLock
  kind: other
- label: IK_Select
  kind: other
- label: IK_Semicolon
  kind: other
- label: IK_Separator
  kind: other
- label: IK_Shift
  kind: other
- label: IK_SingleQuote
  kind: other
- label: IK_Slash
  kind: other
- label: IK_Space
  kind: other
- label: IK_T
  kind: other
- label: IK_Tab
  kind: other
- label: IK_Tilde
  kind: other
- label: IK_U
  kind: other
- label: IK_Unicode
  kind: other
- label: IK_Unknown04
  kind: other
- label: IK_Unknown05
  kind: other
- label: IK_Unknown06
  kind: other
- label: IK_Unknown07
  kind: other
- label: IK_Unknown0A
  kind: other
- label: IK_Unknown0B
  kind: other
- label: IK_Unknown0C
  kind: other
- label: IK_Unknown0E
  kind: other
- label: IK_Unknown0F
  kind: other
- label: IK_Unknown15
  kind: other
- label: IK_Unknown16
  kind: other
- label: IK_Unknown17
  kind: other
- label: IK_Unknown18
  kind: other
- label: IK_Unknown19
  kind: other
- label: IK_Unknown1A
  kind: other
- label: IK_Unknown1C
  kind: other
- label: IK_Unknown1D
  kind: other
- label: IK_Unknown1E
  kind: other
- label: IK_Unknown1F
  kind: other
- label: IK_Unknown3A
  kind: other
- label: IK_Unknown3B
  kind: other
- label: IK_Unknown3C
  kind: other
- label: IK_Unknown3D
  kind: other
- label: IK_Unknown3E
  kind: other
- label: IK_Unknown3F
  kind: other
- label: IK_Unknown40
  kind: other
- label: IK_Unknown5B
  kind: other
- label: IK_Unknown5C
  kind: other
- label: IK_Unknown5D
  kind: other
- label: IK_Unknown5E
  kind: other
- label: IK_Unknown5F
  kind: other
- label: IK_Unknown9E
  kind: other
- label: IK_Unknown9F
  kind: other
- label: IK_UnknownA4
  kind: other
- label: IK_UnknownA5
  kind: other
- label: IK_UnknownA6
  kind: other
- label: IK_UnknownA7
  kind: other
- label: IK_UnknownA8
  kind: other
- label: IK_UnknownA9
  kind: other
- label: IK_UnknownAA
  kind: other
- label: IK_UnknownAB
  kind: other
- label: IK_UnknownAC
  kind: other
- label: IK_UnknownAD
  kind: other
- label: IK_UnknownAE
  kind: other
- label: IK_UnknownAF
  kind: other
- label: IK_UnknownB0
  kind: other
- label: IK_UnknownB1
  kind: other
- label: IK_UnknownB2
  kind: other
- label: IK_UnknownB3
  kind: other
- label: IK_UnknownB4
  kind: other
- label: IK_UnknownB5
  kind: other
- label: IK_UnknownB6
  kind: other
- label: IK_UnknownB7
  kind: other
- label: IK_UnknownB8
  kind: other
- label: IK_UnknownC6
  kind: other
- label: IK_UnknownC7
  kind: other
- label: IK_UnknownD8
  kind: other
- label: IK_UnknownD9
  kind: other
- label: IK_UnknownDA
  kind: other
- label: IK_UnknownDF
  kind: other
- label: IK_UnknownE0
  kind: other
- label: IK_UnknownE1
  kind: other
- label: IK_UnknownE2
  kind: other
- label: IK_UnknownE3
  kind: other
- label: IK_UnknownEE
  kind: other
- label: IK_UnknownEF
  kind: other
- label: IK_UnknownF4
  kind: other
- label: IK_UnknownF5
  kind: other
- label: IK_UnknownFD
  kind: other
- label: IK_UnknownFE
  kind: other
- label: IK_Up
  kind: other
- label: IK_V
  kind: other
- label: IK_W
  kind: other
- label: IK_X
  kind: other
- label: IK_Y
  kind: other
- label: IK_Z
  kind: other
- label: IK_Zoom
  kind: other
- label: IP_Max_Unpushable
  kind: other
- label: IP_NotSet
  kind: other
- label: IP_Prio_0
  kind: other
- label: IP_Prio_1
  kind: other
- label: IP_Prio_10
  kind: other
- label: IP_Prio_11
  kind: other
- label: IP_Prio_12
  kind: other
- label: IP_Prio_13
  kind: other
- label: IP_Prio_14
  kind: other
- label: IP_Prio_2
  kind: other
- label: IP_Prio_3
  kind: other
- label: IP_Prio_4
  kind: other
- label: IP_Prio_5
  kind: other
- label: IP_Prio_6
  kind: other
- label: IP_Prio_7
  kind: other
- label: IP_Prio_8
  kind: other
- label: IP_Prio_9
  kind: other
- label: InventoryItemClass_Common
  kind: other
- label: InventoryItemClass_Epic
  kind: other
- label: InventoryItemClass_Magic
  kind: other
- label: InventoryItemClass_Rare
  kind: other
- label: JS_Active
  kind: other
- label: JS_Failed
  kind: other
- label: JS_Inactive
  kind: other
- label: JS_Success
  kind: other
- label: LM_Cutscene
  kind: other
- label: LM_Dialog
  kind: other
- label: LM_GameplayLock
  kind: other
- label: LM_MiniGame
  kind: other
- label: LOAD_Error
  kind: other
- label: LOAD_Initializing
  kind: other
- label: LOAD_Loading
  kind: other
- label: LOAD_MissingContent
  kind: other
- label: LOAD_NotInitialized
  kind: other
- label: LOAD_ReadyToLoad
  kind: other
- label: LOD
  kind: other
- label: LSCM_None
  kind: other
- label: LSCM_Normal
  kind: other
- label: LSCM_OnlyDynamic
  kind: other
- label: LSCM_OnlyStatic
  kind: other
- label: MAN_AdjustmentCancelled
  kind: other
- label: MAN_AdjustmentEnded
  kind: other
- label: MAN_LocationAdjustmentReachedDestination
  kind: other
- label: MAN_None
  kind: other
- label: MAN_RotationAdjustmentReachedDestination
  kind: other
- label: MFA_EXIT
  kind: other
- label: MFA_REPLAN
  kind: other
- label: MSIB_Default
  kind: other
- label: MSIB_EvenLessImportant
  kind: other
- label: MSIB_EvenMoreImportant
  kind: other
- label: MSIB_LessImportant
  kind: other
- label: MSIB_MoreImportant
  kind: other
- label: MT_AbsSpeed
  kind: other
- label: MT_Dynamic
  kind: other
- label: MT_FastRun
  kind: other
- label: MT_KeyFramed
  kind: other
- label: MT_Run
  kind: other
- label: MT_Sprint
  kind: other
- label: MT_Walk
  kind: other
- label: MT_fromScript
  kind: other
- label: MT_instant
  kind: other
- label: MT_normal
  kind: other
- label: MVT_DestructionMesh
  kind: other
- label: MVT_SkinnedMesh
  kind: other
- label: MVT_StaticMesh
  kind: other
- label: Man
  kind: other
- label: Manual
  kind: other
- label: Modulate
  kind: other
- label: Monster
  kind: other
- label: MonsterHunt
  kind: other
- label: Multiply
  kind: other
- label: NGP_CantLoad
  kind: other
- label: NGP_ContentRequired
  kind: other
- label: NGP_InternalError
  kind: other
- label: NGP_Invalid
  kind: other
- label: NGP_RequirementsNotMet
  kind: other
- label: NGP_Success
  kind: other
- label: NGP_TooOld
  kind: other
- label: NGP_WrongGameVersion
  kind: other
- label: NP_Close10cm
  kind: other
- label: NP_CustomValue
  kind: other
- label: NP_DefaultEnv
  kind: other
- label: NP_Extreme240cm
  kind: other
- label: NP_Far60cm
  kind: other
- label: NP_Further40cm
  kind: other
- label: NP_Medium25cm
  kind: other
- label: NP_VeryClose5cm
  kind: other
- label: NP_VeryFar120cm
  kind: other
- label: NS_Fly
  kind: other
- label: NS_Guarded
  kind: other
- label: NS_Normal
  kind: other
- label: NS_Retreat
  kind: other
- label: NS_Strafe
  kind: other
- label: NS_Swim
  kind: other
- label: NS_Wounded
  kind: other
- label: None
  kind: other
- label: OT_Actor
  kind: other
- label: OT_Camera
  kind: other
- label: OT_CameraOffset
  kind: other
- label: OT_CustomHeading
  kind: other
- label: OT_None
  kind: other
- label: OT_Player
  kind: other
- label: OnContact
  kind: other
- label: OnDistance
  kind: other
- label: Overwrite
  kind: other
- label: PAO_Pause
  kind: other
- label: PAO_Play
  kind: other
- label: PAO_Rewind
  kind: other
- label: PAO_Stop
  kind: other
- label: PAO_Unpause
  kind: other
- label: PCM_Backward
  kind: other
- label: PCM_Forward
  kind: other
- label: PLC_Disabled
  kind: other
- label: PLC_Dynamic
  kind: other
- label: PLC_Immediate
  kind: other
- label: PLC_Static
  kind: other
- label: PLC_StaticMetaobstacle
  kind: other
- label: PLC_StaticWalkable
  kind: other
- label: PLC_Walkable
  kind: other
- label: PM_Camera_FOV
  kind: other
- label: PM_Camera_Tilt
  kind: other
- label: PM_ChromaticAberration
  kind: other
- label: PM_Contrast
  kind: other
- label: PM_DOF_Aperture
  kind: other
- label: PM_DOF_Autofocus
  kind: other
- label: PM_DOF_Enable
  kind: other
- label: PM_DOF_FocusDistance
  kind: other
- label: PM_DontPersist
  kind: other
- label: PM_Exposure
  kind: other
- label: PM_Grain
  kind: other
- label: PM_Highlights
  kind: other
- label: PM_Persist
  kind: other
- label: PM_Saturation
  kind: other
- label: PM_SaveStateOnly
  kind: other
- label: PM_Temperature
  kind: other
- label: PM_Vignette
  kind: other
- label: ProbeTunerLookup
  kind: function
  detail: "(manager : CEmitterManager, params : CEmitterParams, host : CWorldEntity) : IEmitterTuner"
- label: ProbeTunerSignature
  kind: function
  detail: "(manager : CEmitterManager, params : CEmitterParams, host : CWorldEntity)"
- label: QMFT_EnableAndShow
  kind: other
- label: QMFT_EnableOnly
  kind: other
- label: QMFT_ShowOnly
  kind: other
- label: RED
  kind: other
- label: RESTORE_DLCRequired
  kind: other
- label: RESTORE_DataCorrupted
  kind: other
- label: RESTORE_InternalError
  kind: other
- label: RESTORE_MissingContent
  kind: other
- label: RESTORE_NoGameDefinition
  kind: other
- label: RESTORE_Success
  kind: other
- label: RESTORE_WrongGameVersion
  kind: other
- label: RMT_DismountBoat
  kind: other
- label: RMT_DismountHorse
  kind: other
- label: RMT_MountBoat
  kind: other
- label: RMT_MountHorse
  kind: other
- label: RMT_None
  kind: other
- label: RPl_Background
  kind: other
- label: RPl_Scene
  kind: other
- label: Random
  kind: other
- label: SCO_Cloud
  kind: other
- label: SCO_Conflict
  kind: other
- label: SCO_Deleting
  kind: other
- label: SCO_Downloading
  kind: other
- label: SCO_Local
  kind: other
- label: SCO_Synced
  kind: other
- label: SCO_Uploading
  kind: other
- label: SCT_Color
  kind: other
- label: SCT_ColorScaled
  kind: other
- label: SCT_Float
  kind: other
- label: SCT_Vector
  kind: other
- label: SGT_AutoSave
  kind: other
- label: SGT_CheckPoint
  kind: other
- label: SGT_ForcedCheckPoint
  kind: other
- label: SGT_Manual
  kind: other
- label: SGT_QuickSave
  kind: other
- label: SHOW_AI
  kind: other
- label: SHOW_AIActions
  kind: other
- label: SHOW_AIBehTree
  kind: other
- label: SHOW_AIBehaviorDebug
  kind: other
- label: SHOW_AIRanges
  kind: other
- label: SHOW_AISenses
  kind: other
- label: SHOW_AITickets
  kind: other
- label: SHOW_ActorLodInfo
  kind: other
- label: SHOW_AllowApexShadows
  kind: other
- label: SHOW_AllowDebugPreviewTemporalAA
  kind: other
- label: SHOW_AnimDangles
  kind: other
- label: SHOW_AnimatedProperties
  kind: other
- label: SHOW_AntiLightbleed
  kind: other
- label: SHOW_Apex
  kind: other
- label: SHOW_ApexClothActiveTethers
  kind: other
- label: SHOW_ApexClothBackstop
  kind: other
- label: SHOW_ApexClothBackstopPrecise
  kind: other
- label: SHOW_ApexClothBending
  kind: other
- label: SHOW_ApexClothCollisionSolid
  kind: other
- label: SHOW_ApexClothCollisionWire
  kind: other
- label: SHOW_ApexClothCrossSection
  kind: other
- label: SHOW_ApexClothLength
  kind: other
- label: SHOW_ApexClothLocalSpace
  kind: other
- label: SHOW_ApexClothMaxDistance
  kind: other
- label: SHOW_ApexClothPhysicsMeshSolid
  kind: other
- label: SHOW_ApexClothPhysicsMeshWire
  kind: other
- label: SHOW_ApexClothSelfCollision
  kind: other
- label: SHOW_ApexClothShearing
  kind: other
- label: SHOW_ApexClothSkeleton
  kind: other
- label: SHOW_ApexClothSkinnedPosition
  kind: other
- label: SHOW_ApexClothVelocity
  kind: other
- label: SHOW_ApexClothVirtualCollision
  kind: other
- label: SHOW_ApexClothWind
  kind: other
- label: SHOW_ApexClothZeroStretch
  kind: other
- label: SHOW_ApexDestructSupport
  kind: other
- label: SHOW_ApexFracturePoints
  kind: other
- label: SHOW_ApexFractureRatio
  kind: other
- label: SHOW_ApexStats
  kind: other
- label: SHOW_ApexThresoldLeft
  kind: other
- label: SHOW_AreaShapes
  kind: other
- label: SHOW_Areas
  kind: other
- label: SHOW_BBoxesCloth
  kind: other
- label: SHOW_BBoxesDestruction
  kind: other
- label: SHOW_BBoxesFur
  kind: other
- label: SHOW_Bboxes
  kind: other
- label: SHOW_BboxesDecals
  kind: other
- label: SHOW_BboxesParticles
  kind: other
- label: SHOW_BboxesSmallestHoleOverride
  kind: other
- label: SHOW_BboxesTerrain
  kind: other
- label: SHOW_Behavior
  kind: other
- label: SHOW_Bg
  kind: other
- label: SHOW_BoatBuoyancy
  kind: other
- label: SHOW_BoatDestruction
  kind: other
- label: SHOW_BoatHedgehog
  kind: other
- label: SHOW_BoatInput
  kind: other
- label: SHOW_BoatPathFollowing
  kind: other
- label: SHOW_BoatSailing
  kind: other
- label: SHOW_BoatWaterProbbing
  kind: other
- label: SHOW_BrowseDebugPreviews
  kind: other
- label: SHOW_Brushes
  kind: other
- label: SHOW_BuildingBrush
  kind: other
- label: SHOW_Camera
  kind: other
- label: SHOW_CameraInteriorFactor
  kind: other
- label: SHOW_CameraLights
  kind: other
- label: SHOW_CameraVisibility
  kind: other
- label: SHOW_CascadesStabilizedRotation
  kind: other
- label: SHOW_Collision
  kind: other
- label: SHOW_CollisionIfNotVisible
  kind: other
- label: SHOW_CollisionSoundOcclusion
  kind: other
- label: SHOW_CommunityAgents
  kind: other
- label: SHOW_Containers
  kind: other
- label: SHOW_Crowd
  kind: other
- label: SHOW_CullTerrainWithFullHeight
  kind: other
- label: SHOW_CurveAnimations
  kind: other
- label: SHOW_Decals
  kind: other
- label: SHOW_DepthOfField
  kind: other
- label: SHOW_Devices
  kind: other
- label: SHOW_Dimmers
  kind: other
- label: SHOW_DimmersBBoxes
  kind: other
- label: SHOW_Dismemberment
  kind: other
- label: SHOW_DistantLights
  kind: other
- label: SHOW_DistantLightsDebug
  kind: other
- label: SHOW_DynamicCollector
  kind: other
- label: SHOW_DynamicComponent
  kind: other
- label: SHOW_DynamicDecals
  kind: other
- label: SHOW_EffectAreas
  kind: other
- label: SHOW_Emissive
  kind: other
- label: SHOW_Encounter
  kind: other
- label: SHOW_EntityVisibility
  kind: other
- label: SHOW_EnvProbeStats
  kind: other
- label: SHOW_EnvProbesBigOverlay
  kind: other
- label: SHOW_EnvProbesInstances
  kind: other
- label: SHOW_EnvProbesOverlay
  kind: other
- label: SHOW_ErrorState
  kind: other
- label: SHOW_Exploration
  kind: other
- label: SHOW_FlareOcclusionShapes
  kind: other
- label: SHOW_Flares
  kind: other
- label: SHOW_FlaresData
  kind: other
- label: SHOW_FocusMode
  kind: other
- label: SHOW_Foliage
  kind: other
- label: SHOW_ForceAllShadows
  kind: other
- label: SHOW_Formations
  kind: other
- label: SHOW_ForwardPass
  kind: other
- label: SHOW_GUI
  kind: other
- label: SHOW_GUIFallback
  kind: other
- label: SHOW_GameplayLightComponent
  kind: other
- label: SHOW_GameplayPostFx
  kind: other
- label: SHOW_GenericGrass
  kind: other
- label: SHOW_GeometryProxies
  kind: other
- label: SHOW_GeometrySkinned
  kind: other
- label: SHOW_GeometryStatic
  kind: other
- label: SHOW_Gizmo
  kind: other
- label: SHOW_GrassGenPoints
  kind: other
- label: SHOW_GrassHeightMap
  kind: other
- label: SHOW_Grid
  kind: other
- label: SHOW_HairAndFur
  kind: other
- label: SHOW_HiResEntityShadows
  kind: other
- label: SHOW_HierarchicalGrid
  kind: other
- label: SHOW_Histogram
  kind: other
- label: SHOW_Interactions
  kind: other
- label: SHOW_Lighting
  kind: other
- label: SHOW_Lights
  kind: other
- label: SHOW_LightsBBoxes
  kind: other
- label: SHOW_LocalReflections
  kind: other
- label: SHOW_Locomotion
  kind: other
- label: SHOW_LodInfo
  kind: other
- label: SHOW_Logic
  kind: other
- label: SHOW_MapTracking
  kind: other
- label: SHOW_MergedMeshes
  kind: other
- label: SHOW_MeshComponent
  kind: other
- label: SHOW_Meshes
  kind: other
- label: SHOW_MovableRep
  kind: other
- label: SHOW_NavGraph
  kind: other
- label: SHOW_NavGraphNoOcclusion
  kind: other
- label: SHOW_NavGraphRegions
  kind: other
- label: SHOW_NavMesh
  kind: other
- label: SHOW_NavMeshOverlay
  kind: other
- label: SHOW_NavMeshTriangles
  kind: other
- label: SHOW_NavObstacles
  kind: other
- label: SHOW_NavRoads
  kind: other
- label: SHOW_NavTerrain
  kind: other
- label: SHOW_NavTerrainHeight
  kind: other
- label: SHOW_NodeTags
  kind: other
- label: SHOW_NonClimbable
  kind: other
- label: SHOW_OcclusionStats
  kind: other
- label: SHOW_OnScreenMessages
  kind: other
- label: SHOW_PEObstacles
  kind: other
- label: SHOW_PS4SafeArea
  kind: other
- label: SHOW_Particles
  kind: other
- label: SHOW_PathSpeedValues
  kind: other
- label: SHOW_Paths
  kind: other
- label: SHOW_PhantomShapes
  kind: other
- label: SHOW_PhysActorDampers
  kind: other
- label: SHOW_PhysActorFloatingRatio
  kind: other
- label: SHOW_PhysActorIterations
  kind: other
- label: SHOW_PhysActorMasses
  kind: other
- label: SHOW_PhysActorVelocities
  kind: other
- label: SHOW_PhysMotionIntensity
  kind: other
- label: SHOW_PhysXMaterials
  kind: other
- label: SHOW_PhysXPlatforms
  kind: other
- label: SHOW_PhysXTraceVisualization
  kind: other
- label: SHOW_PhysXVisualization
  kind: other
- label: SHOW_PigmentMap
  kind: other
- label: SHOW_PostProcess
  kind: other
- label: SHOW_PreferTemporalAA
  kind: other
- label: SHOW_Profilers
  kind: other
- label: SHOW_Projectile
  kind: other
- label: SHOW_QuestMapPins
  kind: other
- label: SHOW_Refraction
  kind: other
- label: SHOW_RenderDeepTerrain
  kind: other
- label: SHOW_RenderGPUProfiler
  kind: other
- label: SHOW_RenderTargetBackground
  kind: other
- label: SHOW_ReversedProjection
  kind: other
- label: SHOW_RoadFollowing
  kind: other
- label: SHOW_ScaleformMemoryInfo
  kind: other
- label: SHOW_Scenes
  kind: other
- label: SHOW_Selection
  kind: other
- label: SHOW_SelectionContacts
  kind: other
- label: SHOW_ShadowMeshDebugMesh
  kind: other
- label: SHOW_ShadowMeshDebugText
  kind: other
- label: SHOW_ShadowPreviewDynamic
  kind: other
- label: SHOW_ShadowPreviewStatic
  kind: other
- label: SHOW_ShadowStats
  kind: other
- label: SHOW_Shadows
  kind: other
- label: SHOW_ShadowsFromMerged
  kind: other
- label: SHOW_ShadowsFromMeshes
  kind: other
- label: SHOW_SimpleBuoyancy
  kind: other
- label: SHOW_Skirt
  kind: other
- label: SHOW_Skybox
  kind: other
- label: SHOW_Sound
  kind: other
- label: SHOW_SoundAmbients
  kind: other
- label: SHOW_SoundEmitters
  kind: other
- label: SHOW_SoundListener
  kind: other
- label: SHOW_SoundReverb
  kind: other
- label: SHOW_Spawnset
  kind: other
- label: SHOW_SpeedTreeShadows
  kind: other
- label: SHOW_Sprites
  kind: other
- label: SHOW_SpritesDecals
  kind: other
- label: SHOW_Steering
  kind: other
- label: SHOW_Stickers
  kind: other
- label: SHOW_StreamingCollisionBoxes
  kind: other
- label: SHOW_StreamingTree0
  kind: other
- label: SHOW_StreamingTree1
  kind: other
- label: SHOW_StreamingTree2
  kind: other
- label: SHOW_StreamingTree3
  kind: other
- label: SHOW_StreamingTree4
  kind: other
- label: SHOW_StreamingTree5
  kind: other
- label: SHOW_StreamingTree6
  kind: other
- label: SHOW_StreamingTree7
  kind: other
- label: SHOW_Stripes
  kind: other
- label: SHOW_Swarms
  kind: other
- label: SHOW_TAATransparencyMask
  kind: other
- label: SHOW_TBN
  kind: other
- label: SHOW_TSLighting
  kind: other
- label: SHOW_TeleportDetector
  kind: other
- label: SHOW_TemplateLoadBalancer
  kind: other
- label: SHOW_Terrain
  kind: other
- label: SHOW_TerrainHoles
  kind: other
- label: SHOW_TerrainStats
  kind: other
- label: SHOW_TonemappingCurve
  kind: other
- label: SHOW_TriangleStats
  kind: other
- label: SHOW_TriggerActivators
  kind: other
- label: SHOW_TriggerBounds
  kind: other
- label: SHOW_TriggerTree
  kind: other
- label: SHOW_UmbraCullFoliage
  kind: other
- label: SHOW_UmbraCullShadows
  kind: other
- label: SHOW_UmbraCullSpeedTreeShadows
  kind: other
- label: SHOW_UmbraCullTerrain
  kind: other
- label: SHOW_UmbraFrustum
  kind: other
- label: SHOW_UmbraObjectBounds
  kind: other
- label: SHOW_UmbraOcclusionBuffer
  kind: other
- label: SHOW_UmbraPortals
  kind: other
- label: SHOW_UmbraShowFoliageCells
  kind: other
- label: SHOW_UmbraShowOccludedNonStaticGeometry
  kind: other
- label: SHOW_UmbraStatistics
  kind: other
- label: SHOW_UmbraStreamingVisualization
  kind: other
- label: SHOW_UmbraViewCell
  kind: other
- label: SHOW_UmbraVisibilityLines
  kind: other
- label: SHOW_UmbraVisibleVolume
  kind: other
- label: SHOW_Underwater
  kind: other
- label: SHOW_UseVisibilityMask
  kind: other
- label: SHOW_VideoOutputLimited
  kind: other
- label: SHOW_VisualDebug
  kind: other
- label: SHOW_VisualDebugGPU
  kind: other
- label: SHOW_VisualDebugText
  kind: other
- label: SHOW_VolumetricPaths
  kind: other
- label: SHOW_WalkSurfaces
  kind: other
- label: SHOW_Waypoints
  kind: other
- label: SHOW_Wetness
  kind: other
- label: SHOW_Wind
  kind: other
- label: SHOW_Wireframe
  kind: other
- label: SHOW_XB1SafeArea
  kind: other
- label: SO_Disable
  kind: other
- label: SO_Enable
  kind: other
- label: SO_Lock
  kind: other
- label: SO_Reset
  kind: other
- label: SO_Toggle
  kind: other
- label: SO_TurnOff
  kind: other
- label: SO_TurnOn
  kind: other
- label: SO_Unlock
  kind: other
- label: SRT_ToMatchOthersRotation
  kind: other
- label: SRT_TowardsOtherEntity
  kind: other
- label: SR_Left
  kind: other
- label: SR_Nearest
  kind: other
- label: SR_Right
  kind: other
- label: SSST_Accept
  kind: other
- label: SSST_Highlight
  kind: other
- label: SSST_Skip
  kind: other
- label: STSV_SPAWN_ALWAYS
  kind: other
- label: STSV_SPAWN_HIDEN
  kind: other
- label: STSV_SPAWN_ONLY_VISIBLE
  kind: other
- label: Side
  kind: other
- label: Story
  kind: other
- label: TCM_DXTAlpha
  kind: other
- label: TCM_DXTAlphaLinear
  kind: other
- label: TCM_DXTNoAlpha
  kind: other
- label: TCM_None
  kind: other
- label: TCM_Normals
  kind: other
- label: TCM_NormalsGloss
  kind: other
- label: TCM_NormalsHigh
  kind: other
- label: TCM_QualityColor
  kind: other
- label: TCM_QualityR
  kind: other
- label: TCM_QualityRG
  kind: other
- label: TCM_RGBE
  kind: other
- label: TE_ELIXIR_USED
  kind: other
- label: TE_FIGHT_ENEMY_DIES
  kind: other
- label: TE_FIGHT_ENEMY_GETS_HIT
  kind: other
- label: TE_FIGHT_HERO_GETS_HIT
  kind: other
- label: TE_FIGHT_HERO_THROWS_BOMB
  kind: other
- label: TE_FIGHT_PLAYER_ATTACKS
  kind: other
- label: TE_FIGHT_PLAYER_DIES
  kind: other
- label: TE_FIGHT_PLAYER_USE_SIGN
  kind: other
- label: TE_HERO_ACHIEVEMENT_UNLOCKED
  kind: other
- label: TE_HERO_CASH_CHANGED
  kind: other
- label: TE_HERO_EXP_EARNED
  kind: other
- label: TE_HERO_FAST_TRAVEL
  kind: other
- label: TE_HERO_FOCUS_OFF
  kind: other
- label: TE_HERO_FOCUS_ON
  kind: other
- label: TE_HERO_GWENT_MATCH_ENDED
  kind: other
- label: TE_HERO_GWENT_MATCH_STARTED
  kind: other
- label: TE_HERO_HEALTH_SEGMENT_LOST
  kind: other
- label: TE_HERO_HEALTH_SEGMENT_REGAINED
  kind: other
- label: TE_HERO_LEVEL_UP
  kind: other
- label: TE_HERO_MOVEMENT
  kind: other
- label: TE_HERO_MUTAGEN_USED
  kind: other
- label: TE_HERO_POSITION
  kind: other
- label: TE_HERO_SKILL_POINT_EARNED
  kind: other
- label: TE_HERO_SKILL_UP
  kind: other
- label: TE_HERO_SPAWNED
  kind: other
- label: TE_INV_ITEM_BOUGHT
  kind: other
- label: TE_INV_ITEM_DROPPED
  kind: other
- label: TE_INV_ITEM_EQUIPPED
  kind: other
- label: TE_INV_ITEM_PICKED
  kind: other
- label: TE_INV_ITEM_SOLD
  kind: other
- label: TE_INV_ITEM_UNEQUIPPED
  kind: other
- label: TE_INV_QUEST_COMPLETED
  kind: other
- label: TE_ITEM_COOKED
  kind: other
- label: TE_QUEST_ACTIVATED
  kind: other
- label: TE_QUEST_FAILED
  kind: other
- label: TE_QUEST_FINISHED
  kind: other
- label: TE_STATE_AIM_THROW
  kind: other
- label: TE_STATE_COMBAT
  kind: other
- label: TE_STATE_DIALOG
  kind: other
- label: TE_STATE_EXPLORING
  kind: other
- label: TE_STATE_HORSE_RIDING
  kind: other
- label: TE_STATE_SAILING
  kind: other
- label: TE_STATE_SWIMMING
  kind: other
- label: TE_SYS_END_SESISON
  kind: other
- label: TE_SYS_GAME_LAUNCHED
  kind: other
- label: TE_SYS_GAME_LOADED
  kind: other
- label: TE_SYS_GAME_PAUSE
  kind: other
- label: TE_SYS_GAME_PROGRESS
  kind: other
- label: TE_SYS_GAME_SAVED
  kind: other
- label: TE_SYS_GAME_UNPAUSE
  kind: other
- label: TE_UNKNOWN
  kind: other
- label: TICK_Main
  kind: other
- label: TICK_PostPhysics
  kind: other
- label: TICK_PostPhysicsPost
  kind: other
- label: TICK_PostUpdateTransform
  kind: other
- label: TICK_PrePhysics
  kind: other
- label: TICK_PrePhysicsPost
  kind: other
- label: TRF_AlphaGrayscale
  kind: other
- label: TRF_Grayscale
  kind: other
- label: TRF_HDR
  kind: other
- label: TRF_HDRGrayscale
  kind: other
- label: TRF_TrueColor
  kind: other
- label: TSG_Clouds
  kind: other
- label: TSG_Max
  kind: other
- label: TSG_Scene
  kind: other
- label: TSG_Sky
  kind: other
- label: TS_Box
  kind: other
- label: TS_None
  kind: other
- label: TS_Sphere
  kind: other
- label: Tangents
  kind: other
- label: Timed
  kind: other
- label: TreasureHunt
  kind: other
- label: UI_Apple
  kind: other
- label: UI_Basket
  kind: other
- label: UI_Bell
  kind: other
- label: UI_Censer
  kind: other
- label: UI_Cookie
  kind: other
- label: UI_FiendLure
  kind: other
- label: UI_Horn
  kind: other
- label: UI_Mask
  kind: other
- label: UI_Meteor
  kind: other
- label: UI_None
  kind: other
- label: UI_OilLamp
  kind: other
- label: UI_Torch
  kind: other
- label: VMS_dismountInProgress
  kind: other
- label: VMS_dismounted
  kind: other
- label: VMS_mountInProgress
  kind: other
- label: VMS_mounted
  kind: other
- label: VMT_ApproachAndMount
  kind: other
- label: VMT_ImmediateUse
  kind: other
- label: VMT_MountIfPossible
  kind: other
- label: VMT_None
  kind: other
- label: VMT_TeleportAndMount
  kind: other
- label: WPI_Anywhere
  kind: other
- label: WPI_Nearby
  kind: other
- label: WPI_Precise
  kind: other
- label: WST_Silver
  kind: other
- label: WST_Steel
  kind: other
- label: WTF_All
  kind: other
- label: WTF_Cut
  kind: other
- label: WTF_Explosion
  kind: other
- label: WTF_Frost
  kind: other
- label: WTF_None
  kind: other
- label: Witcher
  kind: other
- label: Woman
  kind: other
- label: "false"
  kind: keyword
- label: host
  kind: variable
  detail: CWorldEntity
- label: manager
  kind: variable
  detail: CEmitterManager
- label: params
  kind: variable
  detail: CEmitterParams
- label: theCamera
  kind: variable
  detail: CCameraDirector
- label: theDebug
  kind: variable
  detail: CDebugAttributesManager
- label: theGame
  kind: variable
  detail: CR4Game
- label: theInput
  kind: variable
  detail: CInputManager
- label: thePlayer
  kind: variable
  detail: CR4Player
- label: theServer
  kind: variable
  detail: CServerInterface
- label: theSound
  kind: variable
  detail: CScriptSoundSystem
- label: theTelemetry
  kind: variable
  detail: CR4TelemetryScriptProxy
- label: theTimer
  kind: variable
  detail: CTimerScriptKeyword
- label: theUI
  kind: variable
  detail: CGuiWitcher
- label: "true"
  kind: keyword
