---
source: src/bin/witcherscript-lsp/tests/e2e/session/battery.rs
expression: session.semantic_tokens(&rel).await
---
- range: "0:0-0:81"
  token_type: comment
- range: "1:0-1:81"
  token_type: comment
- range: "3:0-3:8"
  token_type: modifier
- range: "3:9-3:14"
  token_type: modifier
- range: "3:15-3:28"
  token_type: class
- range: "4:1-4:7"
  token_type: modifier
- range: "4:8-4:11"
  token_type: modifier
- range: "4:12-4:16"
  token_type: property
- range: "4:19-4:31"
  token_type: enum
- range: "5:1-5:7"
  token_type: modifier
- range: "5:8-5:11"
  token_type: modifier
- range: "5:12-5:16"
  token_type: property
- range: "5:19-5:31"
  token_type: class
- range: "7:1-7:10"
  token_type: modifier
- range: "7:11-7:14"
  token_type: modifier
- range: "7:15-7:21"
  token_type: property
- range: "7:24-7:38"
  token_type: class
- range: "8:1-8:10"
  token_type: modifier
- range: "8:11-8:14"
  token_type: modifier
- range: "8:15-8:29"
  token_type: property
- range: "8:32-8:46"
  token_type: class
- range: "10:1-10:70"
  token_type: comment
- range: "11:1-11:7"
  token_type: modifier
- range: "11:8-11:16"
  token_type: modifier
- range: "11:17-11:21"
  token_type: function
- range: "11:22-11:26"
  token_type: parameter
- range: "11:29-11:41"
  token_type: class
- range: "11:43-11:49"
  token_type: parameter
- range: "11:52-11:66"
  token_type: class
- range: "11:68-11:82"
  token_type: parameter
- range: "11:85-11:99"
  token_type: class
- range: "12:7-12:11"
  token_type: property
- range: "12:14-12:18"
  token_type: parameter
- range: "13:7-13:13"
  token_type: property
- range: "13:16-13:22"
  token_type: parameter
- range: "15:2-15:6"
  token_type: parameter
- range: "15:7-15:13"
  token_type: function
- range: "15:14-15:20"
  token_type: parameter
- range: "15:21-15:24"
  token_type: property
- range: "16:6-16:20"
  token_type: parameter
- range: "17:3-17:20"
  token_type: function
- range: "17:21-17:35"
  token_type: parameter
- range: "21:1-21:7"
  token_type: modifier
- range: "21:8-21:16"
  token_type: modifier
- range: "21:17-21:34"
  token_type: function
- range: "21:35-21:41"
  token_type: parameter
- range: "21:44-21:58"
  token_type: class
- range: "22:6-22:12"
  token_type: parameter
- range: "22:13-22:22"
  token_type: property
- range: "23:3-23:17"
  token_type: property
- range: "23:20-23:26"
  token_type: parameter
- range: "25:3-25:17"
  token_type: property
- range: "29:1-29:10"
  token_type: modifier
- range: "29:11-29:19"
  token_type: modifier
- range: "29:20-29:38"
  token_type: function
- range: "29:43-29:57"
  token_type: class
- range: "30:6-30:20"
  token_type: property
- range: "31:10-31:24"
  token_type: property
- range: "33:9-33:15"
  token_type: property
- range: "36:1-36:58"
  token_type: comment
- range: "37:1-37:7"
  token_type: modifier
- range: "37:8-37:16"
  token_type: modifier
- range: "37:17-37:28"
  token_type: function
- range: "39:1-39:69"
  token_type: comment
- range: "40:1-40:7"
  token_type: modifier
- range: "40:8-40:16"
  token_type: modifier
- range: "40:17-40:30"
  token_type: function
- range: "42:1-42:58"
  token_type: comment
- range: "43:1-43:10"
  token_type: modifier
- range: "43:11-43:19"
  token_type: modifier
- range: "43:20-43:31"
  token_type: function
- range: "43:32-43:41"
  token_type: parameter
- range: "43:44-43:59"
  token_type: class
- range: "43:61-43:67"
  token_type: parameter
- range: "43:70-43:84"
  token_type: class
- range: "44:6-44:12"
  token_type: parameter
- range: "44:13-44:22"
  token_type: property
- range: "45:3-45:12"
  token_type: parameter
- range: "45:13-45:19"
  token_type: property
- range: "45:22-45:28"
  token_type: parameter
- range: "45:29-45:35"
  token_type: property
- range: "47:6-47:12"
  token_type: parameter
- range: "47:13-47:22"
  token_type: property
- range: "48:3-48:12"
  token_type: parameter
- range: "48:13-48:19"
  token_type: property
- range: "48:22-48:28"
  token_type: parameter
- range: "48:29-48:35"
  token_type: property
- range: "50:6-50:12"
  token_type: parameter
- range: "50:13-50:21"
  token_type: property
- range: "51:3-51:12"
  token_type: parameter
- range: "51:13-51:18"
  token_type: property
- range: "51:21-51:27"
  token_type: parameter
- range: "51:28-51:33"
  token_type: property
- range: "55:1-55:70"
  token_type: comment
- range: "56:1-56:7"
  token_type: modifier
- range: "56:8-56:16"
  token_type: modifier
- range: "56:17-56:32"
  token_type: function
- range: "57:2-57:5"
  token_type: modifier
- range: "57:6-57:15"
  token_type: variable
- range: "57:18-57:33"
  token_type: class
- range: "58:2-58:5"
  token_type: modifier
- range: "58:6-58:7"
  token_type: variable
- range: "58:9-58:14"
  token_type: variable
- range: "60:2-60:5"
  token_type: modifier
- range: "60:6-60:16"
  token_type: variable
- range: "60:19-60:24"
  token_type: class
- range: "60:25-60:40"
  token_type: class
- range: "60:44-60:48"
  token_type: property
- range: "60:49-60:68"
  token_type: function
- range: "60:69-60:86"
  token_type: enumMember
- range: "61:2-61:7"
  token_type: variable
- range: "61:10-61:20"
  token_type: variable
- range: "61:21-61:25"
  token_type: function
- range: "63:7-63:8"
  token_type: variable
- range: "63:11-63:12"
  token_type: number
- range: "63:14-63:15"
  token_type: variable
- range: "63:18-63:23"
  token_type: variable
- range: "63:25-63:26"
  token_type: variable
- range: "63:30-63:31"
  token_type: number
- range: "64:3-64:12"
  token_type: variable
- range: "64:16-64:31"
  token_type: class
- range: "64:32-64:42"
  token_type: variable
- range: "64:43-64:44"
  token_type: variable
- range: "65:7-65:16"
  token_type: variable
- range: "66:4-66:13"
  token_type: variable
- range: "66:14-66:29"
  token_type: function
- range: "72:0-72:5"
  token_type: modifier
- range: "72:6-72:16"
  token_type: class
- range: "72:17-72:24"
  token_type: modifier
- range: "72:25-72:38"
  token_type: class
- range: "73:1-73:8"
  token_type: modifier
- range: "73:9-73:12"
  token_type: modifier
- range: "73:13-73:22"
  token_type: property
- range: "73:25-73:30"
  token_type: class
- range: "75:1-75:7"
  token_type: modifier
- range: "75:8-75:16"
  token_type: modifier
- range: "75:17-75:21"
  token_type: function
- range: "75:22-75:26"
  token_type: parameter
- range: "75:29-75:41"
  token_type: class
- range: "75:43-75:49"
  token_type: parameter
- range: "75:52-75:66"
  token_type: class
- range: "75:68-75:82"
  token_type: parameter
- range: "75:85-75:99"
  token_type: class
- range: "76:8-76:12"
  token_type: function
- range: "76:13-76:17"
  token_type: parameter
- range: "76:19-76:25"
  token_type: parameter
- range: "76:27-76:41"
  token_type: parameter
- range: "77:2-77:11"
  token_type: property
- range: "77:12-77:20"
  token_type: function
- range: "77:21-77:27"
  token_type: enumMember
- range: "80:1-80:7"
  token_type: modifier
- range: "80:8-80:16"
  token_type: modifier
- range: "80:17-80:28"
  token_type: function
- range: "81:2-81:5"
  token_type: modifier
- range: "81:6-81:7"
  token_type: variable
- range: "81:10-81:24"
  token_type: class
- range: "81:27-81:45"
  token_type: function
- range: "82:2-82:5"
  token_type: modifier
- range: "82:6-82:15"
  token_type: variable
- range: "82:18-82:33"
  token_type: class
- range: "84:6-84:15"
  token_type: property
- range: "84:16-84:20"
  token_type: function
- range: "84:26-84:27"
  token_type: number
- range: "88:2-88:11"
  token_type: variable
- range: "88:15-88:30"
  token_type: class
- range: "88:31-88:35"
  token_type: property
- range: "88:36-88:54"
  token_type: function
- range: "88:55-88:72"
  token_type: enumMember
- range: "89:7-89:16"
  token_type: variable
- range: "93:2-93:13"
  token_type: function
- range: "93:14-93:23"
  token_type: variable
- range: "93:25-93:26"
  token_type: variable
- range: "94:6-94:7"
  token_type: variable
- range: "94:8-94:16"
  token_type: property
- range: "95:3-95:12"
  token_type: variable
- range: "95:13-95:18"
  token_type: property
- range: "95:21-95:22"
  token_type: variable
- range: "95:23-95:28"
  token_type: property
- range: "95:31-95:32"
  token_type: number
- range: "100:0-100:5"
  token_type: modifier
- range: "100:6-100:19"
  token_type: class
- range: "100:20-100:27"
  token_type: modifier
- range: "100:28-100:41"
  token_type: class
- range: "101:1-101:7"
  token_type: modifier
- range: "101:8-101:16"
  token_type: modifier
- range: "101:17-101:28"
  token_type: function
- range: "102:2-102:5"
  token_type: modifier
- range: "102:6-102:15"
  token_type: variable
- range: "102:18-102:33"
  token_type: class
- range: "102:37-102:52"
  token_type: class
- range: "102:53-102:57"
  token_type: property
- range: "102:58-102:76"
  token_type: function
- range: "102:77-102:94"
  token_type: enumMember
- range: "103:6-103:15"
  token_type: variable
- range: "104:3-104:14"
  token_type: function
- range: "104:15-104:24"
  token_type: variable
- range: "104:26-104:44"
  token_type: function
